nohup: ignoring input
2026-09-07T03:52:01Z INF Thank you for trying Cloudflare Tunnel. Doing so, without a Cloudflare account, is a quick way to experiment and try it out. However, be aware that these account-less Tunnels have no uptime guarantee, are subject to the Cloudflare Online Services Terms of Use (https://www.cloudflare.com/website-terms/), and Cloudflare reserves the right to investigate your use of Tunnels for violations of such terms. If you intend to use Tunnels in production you should use a pre-created named tunnel by following: https://developers.cloudflare.com/cloudflare-one/connections/connect-apps
2026-09-07T03:52:01Z INF Requesting new quick Tunnel on trycloudflare.com...
2026-09-07T03:52:08Z INF +--------------------------------------------------------------------------------------------+
2026-09-07T03:52:08Z INF |  Your quick Tunnel has been created! Visit it at (it may take some time to be reachable):  |
2026-09-07T03:52:08Z INF |  https://troubleshooting-hist-bob-despite.trycloudflare.com                                |
2026-09-07T03:52:08Z INF +--------------------------------------------------------------------------------------------+
2026-09-07T03:52:08Z INF Cannot determine default configuration path. No file [config.yml config.yaml] in [~/.cloudflared ~/.cloudflare-warp ~/cloudflare-warp /etc/cloudflared /usr/local/etc/cloudflared]
2026-09-07T03:52:08Z INF Version 2026.8.3 (Checksum 93c8c6527d2d111b6a0076ae3a147ed2d11f5aa853ddb6bff1ab8e726836ef89)
2026-09-07T03:52:08Z INF GOOS: android, GOVersion: go1.27.0, GoArch: arm64
2026-09-07T03:52:08Z INF Settings: map[ha-connections:1 protocol:quic url:http://localhost:8000]
2026-09-07T03:52:08Z INF Autoupdate frequency is set autoupdateFreq=86400000
2026-09-07T03:52:08Z INF Generated Connector ID: 49c7aff2-7f4c-4817-9d13-d5ea2d6ce2f1
2026-09-07T03:52:09Z INF Initial protocol quic
2026-09-07T03:52:09Z INF ICMP proxy will use 192.168.0.4 as source for IPv4
2026-09-07T03:52:09Z INF ICMP proxy will use :: as source for IPv6
2026-09-07T03:52:09Z WRN The user running cloudflared process has a GID (group ID) that is not within ping_group_range. You might need to add that user to a group within that range, or instead update the range to encompass a group the user is already in by modifying /proc/sys/net/ipv4/ping_group_range. Otherwise cloudflared will not be able to ping this network error="open /proc/sys/net/ipv4/ping_group_range: permission denied"
2026-09-07T03:52:09Z INF ICMP proxy will use 192.168.0.4 as source for IPv4
2026-09-07T03:52:09Z INF ICMP proxy will use :: as source for IPv6
2026-09-07T03:52:09Z INF Starting metrics server on 127.0.0.1:20241/metrics
2026-09-07T03:52:09Z INF Tunnel connection curve preferences: [X25519MLKEM768 CurveID(65074) CurveP256] connIndex=0 event=0 ip=198.41.200.63
2026-09-07T03:52:10Z INF Registered tunnel connection connIndex=0 connection=557e4225-8594-4a66-b381-c7833b917942 event=0 ip=198.41.200.63 location=lhr13 protocol=quic
2026-09-07T03:52:15Z INF +-------------------------------------------------------------------------------------+
2026-09-07T03:52:15Z INF |                               CONNECTIVITY PRE-CHECKS                               |
2026-09-07T03:52:15Z INF +-------------------------------------------------------------------------------------+
2026-09-07T03:52:15Z INF |  COMPONENT         TARGET                     STATUS  DETAILS                       |
2026-09-07T03:52:15Z INF |  DNS Resolution    region1.v2.argotunnel.com  PASS    DNS Resolved successfully     |
2026-09-07T03:52:15Z INF |  DNS Resolution    region2.v2.argotunnel.com  PASS    DNS Resolved successfully     |
2026-09-07T03:52:15Z INF |  UDP Connectivity  region1.v2.argotunnel.com  PASS    QUIC connection successful    |
2026-09-07T03:52:15Z INF |  UDP Connectivity  region2.v2.argotunnel.com  PASS    QUIC connection successful    |
2026-09-07T03:52:15Z INF |  TCP Connectivity  region1.v2.argotunnel.com  PASS    HTTP/2 connection successful  |
2026-09-07T03:52:15Z INF |  TCP Connectivity  region2.v2.argotunnel.com  PASS    HTTP/2 connection successful  |
2026-09-07T03:52:15Z INF |  Cloudflare API    api.cloudflare.com:443     PASS    API is reachable              |
2026-09-07T03:52:15Z INF |                                                                                     |
2026-09-07T03:52:15Z INF |  SUMMARY: Environment is healthy. cloudflared will use 'quic' as primary protocol.  |
2026-09-07T03:52:15Z INF +-------------------------------------------------------------------------------------+
2026-09-07T03:52:15Z INF precheck component="DNS Resolution" details="DNS Resolved successfully" run_id=e6eebee7-edbc-424f-a8da-c0ec211a52c9 status=pass target=region1.v2.argotunnel.com
2026-09-07T03:52:15Z INF precheck component="DNS Resolution" details="DNS Resolved successfully" run_id=e6eebee7-edbc-424f-a8da-c0ec211a52c9 status=pass target=region2.v2.argotunnel.com
2026-09-07T03:52:15Z INF precheck component="UDP Connectivity" details="QUIC connection successful" run_id=e6eebee7-edbc-424f-a8da-c0ec211a52c9 status=pass target=region1.v2.argotunnel.com
2026-09-07T03:52:15Z INF precheck component="UDP Connectivity" details="QUIC connection successful" run_id=e6eebee7-edbc-424f-a8da-c0ec211a52c9 status=pass target=region2.v2.argotunnel.com
2026-09-07T03:52:15Z INF precheck component="TCP Connectivity" details="HTTP/2 connection successful" run_id=e6eebee7-edbc-424f-a8da-c0ec211a52c9 status=pass target=region1.v2.argotunnel.com
2026-09-07T03:52:15Z INF precheck component="TCP Connectivity" details="HTTP/2 connection successful" run_id=e6eebee7-edbc-424f-a8da-c0ec211a52c9 status=pass target=region2.v2.argotunnel.com
2026-09-07T03:52:15Z INF precheck component="Cloudflare API" details="API is reachable" run_id=e6eebee7-edbc-424f-a8da-c0ec211a52c9 status=pass target=api.cloudflare.com:443
2026-09-07T03:52:15Z INF precheck complete hard_fail=false run_id=e6eebee7-edbc-424f-a8da-c0ec211a52c9 suggested_protocol=quic
2026-09-07T04:40:14Z ERR  error="Incoming request ended abruptly: context canceled" connIndex=0 event=1 ingressRule=0 originService=http://localhost:8000
2026-09-07T04:40:14Z ERR Request failed error="Incoming request ended abruptly: context canceled" connIndex=0 dest=https://troubleshooting-hist-bob-despite.trycloudflare.com/gcs/network_state.json event=0 ip=198.41.200.63 type=http
2026-09-07T04:40:14Z ERR  error="Incoming request ended abruptly: context canceled" connIndex=0 event=1 ingressRule=0 originService=http://localhost:8000
2026-09-07T04:40:14Z ERR Request failed error="Incoming request ended abruptly: context canceled" connIndex=0 dest=https://troubleshooting-hist-bob-despite.trycloudflare.com/gcs/network_state.json event=0 ip=198.41.200.63 type=http
2026-09-07T04:46:40Z ERR  error="stream 5069 canceled by remote with error code 0" connIndex=0 event=1 ingressRule=0 originService=http://localhost:8000
2026-09-07T04:46:40Z ERR Request failed error="stream 5069 canceled by remote with error code 0" connIndex=0 dest=https://troubleshooting-hist-bob-despite.trycloudflare.com/gcs/network_state.json event=0 ip=198.41.200.63 type=http
2026-09-07T04:56:19Z ERR  error="Incoming request ended abruptly: context canceled" connIndex=0 event=1 ingressRule=0 originService=http://localhost:8000
2026-09-07T04:56:19Z ERR Request failed error="Incoming request ended abruptly: context canceled" connIndex=0 dest=https://troubleshooting-hist-bob-despite.trycloudflare.com/gcs/network_state.json event=0 ip=198.41.200.63 type=http
2026-09-07T04:56:19Z ERR  error="Incoming request ended abruptly: context canceled" connIndex=0 event=1 ingressRule=0 originService=http://localhost:8000
2026-09-07T04:56:19Z ERR Request failed error="Incoming request ended abruptly: context canceled" connIndex=0 dest=https://troubleshooting-hist-bob-despite.trycloudflare.com/gcs/network_state.json event=0 ip=198.41.200.63 type=http
